{
    "test_cases": [
        {
            "input": {
                "inputdata": {
                    "x": [
                        "rightgregyrusrectus",
                        "leftthalamusproper",
                        "leftcerebralwhitematter",
                        "rightangangulargyrus"
                    ],
                    "y": [
                        "rightocpoccipitalpole"
                    ],
                    "data_model": "dementia:0.1",
                    "datasets": [
                        "edsd7",
                        "edsd4",
                        "ppmi2",
                        "desd-synthdata2",
                        "edsd0",
                        "ppmi5",
                        "desd-synthdata8",
                        "ppmi3",
                        "desd-synthdata1",
                        "ppmi0",
                        "edsd2",
                        "edsd1",
                        "ppmi9",
                        "desd-synthdata0",
                        "desd-synthdata3",
                        "desd-synthdata9",
                        "ppmi4",
                        "desd-synthdata4",
                        "ppmi1",
                        "ppmi8"
                    ],
                    "filters": null
                },
                "parameters": {}
            },
            "output": {
                "dependent_var": "rightocpoccipitalpole",
                "n_obs": 1407,
                "df_resid": 1402.0,
                "df_model": 4.0,
                "rse": 0.40038889969380076,
                "r_squared": 0.3044878618013195,
                "r_squared_adjusted": 0.30250351903898365,
                "f_stat": 153.4451948427044,
                "f_pvalue": 6.12240830657532e-109,
                "indep_vars": [
                    "Intercept",
                    "rightgregyrusrectus",
                    "leftthalamusproper",
                    "leftcerebralwhitematter",
                    "rightangangulargyrus"
                ],
                "coefficients": [
                    0.748106481855068,
                    0.2953662008207109,
                    0.05116051005157933,
                    0.0015757605308245482,
                    0.08663158192261686
                ],
                "std_err": [
                    0.09045857129349832,
                    0.05288058535669336,
                    0.015977805797010424,
                    0.0005449749118396,
                    0.012113641349696821
                ],
                "t_stats": [
                    8.270155842145584,
                    5.585531983588849,
                    3.201973456277199,
                    2.8914368287256766,
                    7.151572299503902
                ],
                "pvalues": [
                    3.073122227580554e-16,
                    2.7946254807018753e-08,
                    0.0013955342465125733,
                    0.0038939726962219875,
                    1.376973361328016e-12
                ],
                "lower_ci": [
                    0.570657748518602,
                    0.1916326048169616,
                    0.01981752773786987,
                    0.0005067064166232121,
                    0.06286876671496126
                ],
                "upper_ci": [
                    0.925555215191534,
                    0.39909979682446023,
                    0.08250349236528878,
                    0.0026448146450258844,
                    0.11039439713027245
                ]
            },
            "test_case_num": 0
        },
        {
            "input": {
                "inputdata": {
                    "x": [
                        "rightmprgprecentralgyrusmedialsegment",
                        "rightptplanumtemporale"
                    ],
                    "y": [
                        "leftcerebralwhitematter"
                    ],
                    "data_model": "dementia:0.1",
                    "datasets": [
                        "edsd7",
                        "ppmi5",
                        "ppmi0",
                        "ppmi9",
                        "desd-synthdata6",
                        "desd-synthdata7",
                        "edsd3",
                        "edsd5",
                        "desd-synthdata0",
                        "edsd2",
                        "ppmi8",
                        "desd-synthdata4",
                        "edsd0",
                        "desd-synthdata1",
                        "edsd9",
                        "desd-synthdata9"
                    ],
                    "filters": null
                },
                "parameters": {}
            },
            "output": {
                "dependent_var": "leftcerebralwhitematter",
                "n_obs": 1068,
                "df_resid": 1065.0,
                "df_model": 2.0,
                "rse": 24.122005960496974,
                "r_squared": 0.4566352611515776,
                "r_squared_adjusted": 0.45561485788613454,
                "f_stat": 447.50470389107596,
                "f_pvalue": 8.633723070521001e-142,
                "indep_vars": [
                    "Intercept",
                    "rightmprgprecentralgyrusmedialsegment",
                    "rightptplanumtemporale"
                ],
                "coefficients": [
                    48.86306556590415,
                    27.051768333051967,
                    52.54723485692794
                ],
                "std_err": [
                    5.566949060617886,
                    2.0093831099186628,
                    2.95235637585953
                ],
                "t_stats": [
                    8.777350939237937,
                    13.462723061381256,
                    17.798405127033377
                ],
                "pvalues": [
                    6.548903771173898e-18,
                    2.879578650693595e-38,
                    3.0623530014551507e-62
                ],
                "lower_ci": [
                    37.93963174429731,
                    23.108968931719765,
                    46.75413900885472
                ],
                "upper_ci": [
                    59.78649938751099,
                    30.99456773438417,
                    58.340330705001165
                ]
            },
            "test_case_num": 1
        },
        {
            "input": {
                "inputdata": {
                    "x": [
                        "rightioginferioroccipitalgyrus",
                        "leftententorhinalarea",
                        "rightamygdala",
                        "leftmpogpostcentralgyrusmedialsegment",
                        "rightporgposteriororbitalgyrus",
                        "leftpoparietaloperculum",
                        "righttrifgtriangularpartoftheinferiorfrontalgyrus",
                        "rightmpogpostcentralgyrusmedialsegment",
                        "rightlateralventricle",
                        "rightmfcmedialfrontalcortex",
                        "rightorifgorbitalpartoftheinferiorfrontalgyrus",
                        "opticchiasm",
                        "neurodegenerativescategories",
                        "rightpcggposteriorcingulategyrus"
                    ],
                    "y": [
                        "rightcuncuneus"
                    ],
                    "data_model": "dementia:0.1",
                    "datasets": [
                        "desd-synthdata2",
                        "ppmi2",
                        "edsd7",
                        "edsd9",
                        "desd-synthdata7",
                        "edsd6",
                        "ppmi9",
                        "edsd1"
                    ],
                    "filters": null
                },
                "parameters": {}
            },
            "output": {
                "dependent_var": "rightcuncuneus",
                "n_obs": 193,
                "df_resid": 177.0,
                "df_model": 15.0,
                "rse": 0.4030294254443193,
                "r_squared": 0.7141787954180558,
                "r_squared_adjusted": 0.6899566594365352,
                "f_stat": 29.484550659071093,
                "f_pvalue": 2.6694948935910776e-40,
                "indep_vars": [
                    "Intercept",
                    "neurodegenerativescategories[MCI]",
                    "neurodegenerativescategories[PD]",
                    "rightioginferioroccipitalgyrus",
                    "leftententorhinalarea",
                    "rightamygdala",
                    "leftmpogpostcentralgyrusmedialsegment",
                    "rightporgposteriororbitalgyrus",
                    "leftpoparietaloperculum",
                    "righttrifgtriangularpartoftheinferiorfrontalgyrus",
                    "rightmpogpostcentralgyrusmedialsegment",
                    "rightlateralventricle",
                    "rightmfcmedialfrontalcortex",
                    "rightorifgorbitalpartoftheinferiorfrontalgyrus",
                    "opticchiasm",
                    "rightpcggposteriorcingulategyrus"
                ],
                "coefficients": [
                    0.5357163834410061,
                    -0.12178675888533023,
                    0.41155352467635914,
                    0.35111782340736286,
                    0.192253364975017,
                    0.6996174776503803,
                    0.2579585572332459,
                    -0.10350202960357242,
                    0.3506577128804399,
                    -0.09613676573002858,
                    -0.1634946637152325,
                    0.007135274764523001,
                    0.06289591835467459,
                    0.18579826246998643,
                    -1.708306453083058,
                    0.04382513551128023
                ],
                "std_err": [
                    0.3309701701807385,
                    0.08013271776478256,
                    0.09296834889059863,
                    0.054956585840424996,
                    0.28234613554156857,
                    0.5569597414921453,
                    0.21797277470885273,
                    0.18919577342217436,
                    0.1276652512116251,
                    0.13159177959988047,
                    0.19693810719875318,
                    0.00386875766223197,
                    0.21053639484742787,
                    0.3524133864260852,
                    3.2888193366444534,
                    0.11019740203206652
                ],
                "t_stats": [
                    1.6186243707354606,
                    -1.5198131585005863,
                    4.426813314288916,
                    6.389003575056284,
                    0.6809137465482058,
                    1.2561365311181056,
                    1.183443930453252,
                    -0.5470631173806214,
                    2.746696611274198,
                    -0.7305681709172349,
                    -0.8301829749497439,
                    1.844332312199288,
                    0.2987413097875747,
                    0.5272168130564346,
                    -0.5194284873142423,
                    0.3976966308019447
                ],
                "pvalues": [
                    0.10730863290819352,
                    0.13034223021418975,
                    1.6691435089049997e-05,
                    1.4292057302649092e-09,
                    0.4968158807618095,
                    0.21072192884546181,
                    0.2382202646959995,
                    0.5850244352735285,
                    0.006642357563880428,
                    0.4660088691383435,
                    0.4075536713500332,
                    0.0668061841295463,
                    0.7654878783528523,
                    0.5987032162517429,
                    0.6041108942689738,
                    0.6913330386819178
                ],
                "lower_ci": [
                    -0.11743908241349588,
                    -0.2799252478411844,
                    0.2280844670383161,
                    0.24266335330580108,
                    -0.3649446495504747,
                    -0.3995187351927558,
                    -0.17220138476639912,
                    -0.47687179117386985,
                    0.09871580348411746,
                    -0.3558275108513994,
                    -0.5521435896340295,
                    -0.0004995529052134861,
                    -0.3525886462536859,
                    -0.5096744729091374,
                    -8.198650657711068,
                    -0.17364472112536192
                ],
                "upper_ci": [
                    1.1888718492955082,
                    0.036351730070523905,
                    0.5950225823144022,
                    0.45957229350892465,
                    0.7494513795005087,
                    1.7987536904935164,
                    0.6881184992328909,
                    0.26986773196672503,
                    0.6025996222767623,
                    0.16355397939134222,
                    0.22515426220356458,
                    0.014770102434259488,
                    0.47838048296303515,
                    0.8812709978491102,
                    4.7820377515449515,
                    0.2612949921479224
                ]
            },
            "test_case_num": 2
        },
        {
            "input": {
                "inputdata": {
                    "x": [
                        "rightfugfusiformgyrus",
                        "rightmfcmedialfrontalcortex",
                        "leftsmcsupplementarymotorcortex"
                    ],
                    "y": [
                        "rightfrpfrontalpole"
                    ],
                    "data_model": "dementia:0.1",
                    "datasets": [
                        "ppmi2",
                        "edsd6",
                        "edsd2",
                        "edsd7",
                        "ppmi0",
                        "edsd5",
                        "edsd8",
                        "desd-synthdata4",
                        "ppmi9",
                        "edsd1",
                        "desd-synthdata5",
                        "ppmi3",
                        "desd-synthdata6",
                        "desd-synthdata3",
                        "desd-synthdata8",
                        "ppmi6",
                        "ppmi5",
                        "ppmi7",
                        "edsd9",
                        "desd-synthdata1",
                        "desd-synthdata0",
                        "edsd3",
                        "ppmi4",
                        "edsd0",
                        "ppmi8",
                        "desd-synthdata7",
                        "desd-synthdata2"
                    ],
                    "filters": null
                },
                "parameters": {}
            },
            "output": {
                "dependent_var": "rightfrpfrontalpole",
                "n_obs": 1893,
                "df_resid": 1889.0,
                "df_model": 3.0,
                "rse": 0.27770683150962366,
                "r_squared": 0.7756569696305586,
                "r_squared_adjusted": 0.7753006810698873,
                "f_stat": 2177.047077146772,
                "f_pvalue": 0.0,
                "indep_vars": [
                    "Intercept",
                    "rightfugfusiformgyrus",
                    "rightmfcmedialfrontalcortex",
                    "leftsmcsupplementarymotorcortex"
                ],
                "coefficients": [
                    0.08566068274599757,
                    0.03597047053061106,
                    1.2668384572155003,
                    0.20976547371108098
                ],
                "std_err": [
                    0.05642204783808846,
                    0.01014976286290271,
                    0.03870588603890123,
                    0.013762322944623933
                ],
                "t_stats": [
                    1.5182129332103251,
                    3.5439715209586615,
                    32.72986583855148,
                    15.24201070961084
                ],
                "pvalues": [
                    0.12912806322852827,
                    0.00040372954071346085,
                    1.6455734735118303e-186,
                    1.4585964497602934e-49
                ],
                "lower_ci": [
                    -0.02499540035125601,
                    0.016064546413893786,
                    1.1909276757748068,
                    0.18277452230602578
                ],
                "upper_ci": [
                    0.19631676584325114,
                    0.05587639464732833,
                    1.3427492386561937,
                    0.23675642511613618
                ]
            },
            "test_case_num": 3
        },
        {
            "input": {
                "inputdata": {
                    "x": [
                        "lefttmptemporalpole",
                        "leftstgsuperiortemporalgyrus",
                        "rightprgprecentralgyrus",
                        "leftpcggposteriorcingulategyrus"
                    ],
                    "y": [
                        "leftcocentraloperculum"
                    ],
                    "data_model": "dementia:0.1",
                    "datasets": [
                        "desd-synthdata4",
                        "desd-synthdata5",
                        "edsd0",
                        "desd-synthdata9"
                    ],
                    "filters": null
                },
                "parameters": {}
            },
            "output": {
                "dependent_var": "leftcocentraloperculum",
                "n_obs": 289,
                "df_resid": 284.0,
                "df_model": 4.0,
                "rse": 0.4008516771574714,
                "r_squared": 0.5282480214789381,
                "r_squared_adjusted": 0.5216036274152612,
                "f_stat": 79.50281341179394,
                "f_pvalue": 3.533681439712104e-45,
                "indep_vars": [
                    "Intercept",
                    "lefttmptemporalpole",
                    "leftstgsuperiortemporalgyrus",
                    "rightprgprecentralgyrus",
                    "leftpcggposteriorcingulategyrus"
                ],
                "coefficients": [
                    0.324305213668169,
                    0.06462499226052446,
                    -0.0744303963662652,
                    0.12792976247328722,
                    0.5067101624361009
                ],
                "std_err": [
                    0.23081411288431572,
                    0.036315111081690846,
                    0.04287556665561718,
                    0.018935581929545465,
                    0.06560632399557471
                ],
                "t_stats": [
                    1.405049325691411,
                    1.7795620152489835,
                    -1.7359629777980783,
                    6.756051276864987,
                    7.723495717734155
                ],
                "pvalues": [
                    0.16109947893221083,
                    0.07621697413027899,
                    0.08365492917444034,
                    8.016584167490738e-11,
                    1.9518488184896487e-13
                ],
                "lower_ci": [
                    -0.13001824360641268,
                    -0.006855935018014528,
                    -0.15882461053353258,
                    0.09065786891256304,
                    0.37757381299768983
                ],
                "upper_ci": [
                    0.7786286709427507,
                    0.13610591953906342,
                    0.009963817801002195,
                    0.16520165603401138,
                    0.635846511874512
                ]
            },
            "test_case_num": 4
        }
    ]
}
