{
    "test_cases": [
        {
            "input": {
                "inputdata": {
                    "y": [
                        "alzheimerbroadcategory"
                    ],
                    "x": [
                        "rightttgtransversetemporalgyrus",
                        "leftpinsposteriorinsula",
                        "leftpoparietaloperculum",
                        "rightptplanumtemporale",
                        "leftventraldc"
                    ],
                    "data_model": "dementia:0.1",
                    "datasets": [
                        "ppmi0",
                        "desd-synthdata0"
                    ],
                    "filters": null
                },
                "parameters": {
                    "positive_class": "Other"
                },
                "test_case_num": 0
            },
            "output": {
                "n_obs": 77,
                "coefficients": [
                    -19.869661716924025,
                    1.778978132402029,
                    0.30572778361895925,
                    -0.12995801708997404,
                    2.65941923722343,
                    2.7944302584679646
                ],
                "stderr": [
                    5.486973244502092,
                    3.641531265252168,
                    1.871229681840415,
                    1.6981930326625496,
                    2.746208593152809,
                    1.1118316091956972
                ],
                "lower_ci": [
                    -30.623931660283013,
                    -5.358291996068794,
                    -3.361814999590598,
                    -3.458355199905423,
                    -2.7230506993904857,
                    0.6152803475711854
                ],
                "upper_ci": [
                    -9.115391773565037,
                    8.916248260872852,
                    3.9732705668285164,
                    3.1984391657254747,
                    8.041889173837346,
                    4.973580169364744
                ],
                "z_scores": [
                    -3.6212426836295006,
                    0.4885247448998186,
                    0.16338335511986218,
                    -0.07652723488460937,
                    0.9683966628952466,
                    2.513357450315219
                ],
                "pvalues": [
                    0.0002931913244805308,
                    0.6251782028693817,
                    0.8702166074779354,
                    0.9389996471980624,
                    0.3328463054584536,
                    0.011958809680879612
                ],
                "df_model": 5,
                "df_resid": 71,
                "r_squared_cs": 0.0,
                "r_squared_mcf": 0.3375546896131183,
                "ll0": -46.95151200272644,
                "ll": -31.102808941779518,
                "aic": 74.20561788355903,
                "bic": 88.26845041468114
            }
        },
        {
            "input": {
                "inputdata": {
                    "y": [
                        "gender"
                    ],
                    "x": [
                        "leftopifgopercularpartoftheinferiorfrontalgyrus",
                        "opticchiasm",
                        "leftprgprecentralgyrus",
                        "cerebellarvermallobulesiv",
                        "rightcaudate",
                        "leftlorglateralorbitalgyrus",
                        "leftsplsuperiorparietallobule",
                        "leftcerebellumwhitematter",
                        "leftgregyrusrectus",
                        "leftioginferioroccipitalgyrus",
                        "rightpogpostcentralgyrus"
                    ],
                    "data_model": "dementia:0.1",
                    "datasets": [
                        "ppmi3",
                        "edsd2",
                        "desd-synthdata5",
                        "edsd1",
                        "edsd5",
                        "desd-synthdata3",
                        "ppmi5",
                        "desd-synthdata6",
                        "desd-synthdata9",
                        "edsd9",
                        "desd-synthdata7",
                        "edsd3"
                    ],
                    "filters": null
                },
                "parameters": {
                    "positive_class": "M"
                },
                "test_case_num": 1
            },
            "output": {
                "n_obs": 837,
                "coefficients": [
                    -12.447740769551762,
                    0.2082455866706513,
                    10.188728292623479,
                    0.09199041376378193,
                    1.0597261287346422,
                    0.2555638300524982,
                    -0.5799391856710768,
                    -0.01120801136298978,
                    0.156670690908045,
                    -0.17960265730268943,
                    0.6635671712375099,
                    -0.05734515166715207
                ],
                "stderr": [
                    1.1239965402029282,
                    0.2740788543115492,
                    9.708610577240002,
                    0.0798844039447536,
                    0.22055981416548645,
                    0.23228117379753183,
                    0.5279015277106491,
                    0.08962400642533286,
                    0.053179550708689634,
                    0.5122716914115463,
                    0.13994522795799655,
                    0.0960737631901736
                ],
                "lower_ci": [
                    -14.65073350709713,
                    -0.3289390967039857,
                    -8.83979877869155,
                    -0.06458014089438456,
                    0.6274368365334415,
                    -0.19969890487735303,
                    -1.6146071673676223,
                    -0.18686783610682856,
                    0.05244068680499181,
                    -1.1836367227687365,
                    0.38927956463158875,
                    -0.2456462673791223
                ],
                "upper_ci": [
                    -10.244748032006395,
                    0.7454302700452883,
                    29.217255363938506,
                    0.24856096842194841,
                    1.492015420935843,
                    0.7108265649823495,
                    0.4547287960254688,
                    0.16445181338084902,
                    0.2609006950110982,
                    0.8244314081633577,
                    0.937854777843431,
                    0.13095596404481816
                ],
                "z_scores": [
                    -11.074536552669839,
                    0.7598017263817648,
                    1.0494527730372687,
                    1.151544096484723,
                    4.804710834311493,
                    1.1002347967952872,
                    -1.0985745545880488,
                    -0.12505590644764744,
                    2.9460702247423223,
                    -0.3506003948955304,
                    4.741620567702918,
                    -0.5968867020816075
                ],
                "pvalues": [
                    1.6674060314628194e-28,
                    0.4473731108309824,
                    0.29396978044623234,
                    0.24950846490567713,
                    1.5497531928956615e-06,
                    0.2712298331176388,
                    0.271953681627189,
                    0.9004792907366032,
                    0.003218393228424458,
                    0.7258881602372804,
                    2.1201542239082824e-06,
                    0.5505830261684017
                ],
                "df_model": 11,
                "df_resid": 825,
                "r_squared_cs": 0.0,
                "r_squared_mcf": 0.1932869103939373,
                "ll0": -579.6617000895023,
                "ll": -467.62068100550533,
                "aic": 959.2413620110107,
                "bic": 1015.9992508568844
            }
        },
        {
            "input": {
                "inputdata": {
                    "y": [
                        "alzheimerbroadcategory"
                    ],
                    "x": [
                        "leftsogsuperioroccipitalgyrus",
                        "rightmfcmedialfrontalcortex"
                    ],
                    "data_model": "dementia:0.1",
                    "datasets": [
                        "desd-synthdata8",
                        "desd-synthdata0",
                        "ppmi0",
                        "edsd8",
                        "desd-synthdata5",
                        "ppmi7",
                        "desd-synthdata1",
                        "edsd4",
                        "desd-synthdata4",
                        "edsd2",
                        "ppmi6",
                        "ppmi9"
                    ],
                    "filters": null
                },
                "parameters": {
                    "positive_class": "AD"
                },
                "test_case_num": 2
            },
            "output": {
                "n_obs": 788,
                "coefficients": [
                    4.229022252537318,
                    -0.9857277258904213,
                    -1.091204761348541
                ],
                "stderr": [
                    0.7080351018786406,
                    0.21397072720307342,
                    0.3755399078842354
                ],
                "lower_ci": [
                    2.841298953065034,
                    -1.40510264495429,
                    -1.8272494555591319
                ],
                "upper_ci": [
                    5.6167455520096015,
                    -0.5663528068265526,
                    -0.35516006713795
                ],
                "z_scores": [
                    5.972899142028957,
                    -4.606834489817365,
                    -2.905695875296741
                ],
                "pvalues": [
                    2.3307400466452737e-09,
                    4.088451638740499e-06,
                    0.0036643741694268287
                ],
                "df_model": 2,
                "df_resid": 785,
                "r_squared_cs": 0.0,
                "r_squared_mcf": 0.06931528190382008,
                "ll0": -454.80027418428324,
                "ll": -423.275664969265,
                "aic": 852.55132993853,
                "bic": 866.5598242081036
            }
        },
        {
            "input": {
                "inputdata": {
                    "y": [
                        "edsdcategory"
                    ],
                    "x": [
                        "leftsplsuperiorparietallobule",
                        "rightsfgsuperiorfrontalgyrus",
                        "leftporgposteriororbitalgyrus",
                        "leftocpoccipitalpole",
                        "leftainsanteriorinsula",
                        "leftgregyrusrectus",
                        "leftliglingualgyrus",
                        "rightorifgorbitalpartoftheinferiorfrontalgyrus",
                        "leftacgganteriorcingulategyrus",
                        "leftinflatvent",
                        "subjectageyears",
                        "rightmprgprecentralgyrusmedialsegment",
                        "leftamygdala"
                    ],
                    "data_model": "dementia:0.1",
                    "datasets": [
                        "ppmi7",
                        "edsd6",
                        "edsd7",
                        "edsd8",
                        "edsd3"
                    ],
                    "filters": null
                },
                "parameters": {
                    "positive_class": "CN"
                },
                "test_case_num": 3
            },
            "output": {
                "n_obs": 192,
                "coefficients": [
                    0.13339429591059632,
                    -0.27000136362773347,
                    0.23501550674251379,
                    0.21717591728121396,
                    1.0316431550350371,
                    -1.0096534961303336,
                    -2.7831470731582044,
                    -0.8419192573694443,
                    5.238174230722745,
                    -0.5093539356457611,
                    -2.9722813416923266,
                    -0.04047791814201271,
                    -1.274715696637251,
                    16.910059098936106
                ],
                "stderr": [
                    3.39417081818406,
                    0.28876526487725634,
                    0.2321076872448035,
                    1.6811220893593675,
                    0.8856176634699497,
                    1.0228990182252424,
                    1.8535687204247824,
                    0.5312669484347,
                    2.3293488324036757,
                    0.9026663701428115,
                    0.9103180319610772,
                    0.026040485814651466,
                    1.0357123964808959,
                    3.653479453751361
                ],
                "lower_ci": [
                    -6.5190582651070095,
                    -0.835970882773325,
                    -0.21990720079218792,
                    -3.077762831477873,
                    -0.7041355694385782,
                    -3.0144987316731893,
                    -6.416075008060771,
                    -1.8831833424779543,
                    0.6727344117811143,
                    -2.278547511181173,
                    -4.75647189881342,
                    -0.09151633247865576,
                    -3.304674692081476,
                    9.74937095132637
                ],
                "upper_ci": [
                    6.785846856928202,
                    0.295968155517858,
                    0.6899382142772155,
                    3.5121146660403006,
                    2.7674218795086523,
                    0.9951917394125218,
                    0.8497808617443616,
                    0.1993448277390657,
                    9.803614049664375,
                    1.259839639889651,
                    -1.1880907845712334,
                    0.010560496194630335,
                    0.7552432988069739,
                    24.070747246545842
                ],
                "z_scores": [
                    0.039300996636923706,
                    -0.9350202273895417,
                    1.0125278896715015,
                    0.1291850952740584,
                    1.1648854777725899,
                    -0.9870509973527102,
                    -1.5015073584757033,
                    -1.5847386325274622,
                    2.248771913358046,
                    -0.5642770712341658,
                    -3.2651021262197886,
                    -1.5544225415041273,
                    -1.2307622279779904,
                    4.628480688887686
                ],
                "pvalues": [
                    0.9686504120303913,
                    0.3497778752861874,
                    0.31128571861702214,
                    0.8972111896291476,
                    0.24406535259568085,
                    0.32361763867609183,
                    0.13322438488280564,
                    0.11302573049121548,
                    0.024527011181298467,
                    0.5725655832898449,
                    0.0010942461568874547,
                    0.12008365979799301,
                    0.21841180649088454,
                    3.683582054580477e-06
                ],
                "df_model": 13,
                "df_resid": 178,
                "r_squared_cs": 0.0,
                "r_squared_mcf": 0.4639935814513617,
                "ll0": -130.05790757008631,
                "ll": -69.71187324057179,
                "aic": 167.42374648114358,
                "bic": 213.0286816895325
            }
        },
        {
            "input": {
                "inputdata": {
                    "y": [
                        "agegroup"
                    ],
                    "x": [
                        "rightfrpfrontalpole",
                        "righthippocampus",
                        "leftmtgmiddletemporalgyrus",
                        "rightcaudate",
                        "rightcocentraloperculum",
                        "rightpallidum",
                        "rightthalamusproper",
                        "leftitginferiortemporalgyrus",
                        "leftainsanteriorinsula",
                        "righttrifgtriangularpartoftheinferiorfrontalgyrus"
                    ],
                    "data_model": "dementia:0.1",
                    "datasets": [
                        "desd-synthdata8",
                        "desd-synthdata6"
                    ],
                    "filters": null
                },
                "parameters": {
                    "positive_class": "-50y"
                },
                "test_case_num": 4
            },
            "output": {
                "n_obs": 184,
                "coefficients": [
                    -3.2022025866339567,
                    0.08365786527005958,
                    -0.09710337825788216,
                    0.5267262134107994,
                    -0.1863240419154657,
                    -0.9130037823054403,
                    0.10989907623386472,
                    0.4945820577599115,
                    -0.3904130502861892,
                    -0.18593969360685036,
                    0.2082293057236466
                ],
                "stderr": [
                    1.7559482570572729,
                    0.550069039802266,
                    0.6488593300384659,
                    0.2515870741847717,
                    0.5309288911958673,
                    0.5628582484614101,
                    1.4495461183874991,
                    0.39851203135552243,
                    0.3255441208438891,
                    0.4915047210151585,
                    0.6074386036359886
                ],
                "lower_ci": [
                    -6.643797929182092,
                    -0.9944576417529113,
                    -1.3688442961660636,
                    0.033624609032840036,
                    -1.2269255470111506,
                    -2.0161856776911016,
                    -2.7311591097354673,
                    -0.2864871711028092,
                    -1.0284678025189669,
                    -1.149271245027968,
                    -0.9823284802221921
                ],
                "upper_ci": [
                    0.23939275591417886,
                    1.1617733722930303,
                    1.1746375396502995,
                    1.0198278177887588,
                    0.8542774631802192,
                    0.1901781130802208,
                    2.9509572622031963,
                    1.2756512866226322,
                    0.24764170194658852,
                    0.7773918578142673,
                    1.3987870916694853
                ],
                "z_scores": [
                    -1.823631518619123,
                    0.1520861186809063,
                    -0.14965243429901154,
                    2.0936139708988337,
                    -0.350939730357842,
                    -1.6220847518911974,
                    0.07581619849123421,
                    1.2410718343373743,
                    -1.1992630961177986,
                    -0.3783070348191341,
                    0.34279893387946303
                ],
                "pvalues": [
                    0.0682077982422505,
                    0.8791190125329343,
                    0.8810388373725418,
                    0.03629438200514702,
                    0.7256335642291143,
                    0.10478520257277818,
                    0.9395653286849991,
                    0.21457921330432617,
                    0.23042565990837982,
                    0.7052025200615275,
                    0.7317497280550216
                ],
                "df_model": 10,
                "df_resid": 173,
                "r_squared_cs": 0.0,
                "r_squared_mcf": 0.04994883714235809,
                "ll0": -108.6086380877947,
                "ll": -103.18376291169413,
                "aic": 228.36752582338826,
                "bic": 263.7318191570871
            }
        }
    ]
}
