{
    "test_cases": [
        {
            "input": {
                "inputdata": {
                    "y": [
                        "leftmcggmiddlecingulategyrus"
                    ],
                    "data_model": "dementia:0.1",
                    "datasets": [
                        "edsd4",
                        "edsd8",
                        "edsd3",
                        "desd-synthdata4",
                        "edsd9"
                    ],
                    "filters": null
                },
                "parameters": {
                    "alt_hypothesis": "greater",
                    "alpha": 0.6764545707122654,
                    "mu": -1.7510563394418988
                },
                "test_case_num": 0
            },
            "output": {
                "n_obs": 269,
                "t_value": 174.1405149438201,
                "p_value": 4.8438826391008276e-278,
                "df": 268.0,
                "mean_diff": 4.649242750929368,
                "se_diff": [
                    0.036753647434866504
                ],
                "ci_upper": "Infinity",
                "ci_lower": 4.588578681593238,
                "cohens_d": 10.61753458611538
            }
        },
        {
            "input": {
                "inputdata": {
                    "y": [
                        "leftttgtransversetemporalgyrus"
                    ],
                    "data_model": "dementia:0.1",
                    "datasets": [
                        "ppmi2",
                        "edsd4",
                        "desd-synthdata2"
                    ],
                    "filters": null
                },
                "parameters": {
                    "alt_hypothesis": "greater",
                    "alpha": 0.2567061594459493,
                    "mu": 6.073629609001049
                },
                "test_case_num": 1
            },
            "output": {
                "n_obs": 225,
                "t_value": -275.7988134299307,
                "p_value": 1.0,
                "df": 224.0,
                "mean_diff": 1.6035932444444445,
                "se_diff": [
                    0.016207598245132623
                ],
                "ci_upper": "Infinity",
                "ci_lower": 1.5768234046707112,
                "cohens_d": 18.38658756199538
            }
        },
        {
            "input": {
                "inputdata": {
                    "y": [
                        "leftporgposteriororbitalgyrus"
                    ],
                    "data_model": "dementia:0.1",
                    "datasets": [
                        "ppmi0",
                        "desd-synthdata2",
                        "ppmi2",
                        "ppmi5",
                        "desd-synthdata4",
                        "edsd8",
                        "desd-synthdata9",
                        "desd-synthdata6",
                        "desd-synthdata1",
                        "desd-synthdata8",
                        "edsd6",
                        "desd-synthdata0",
                        "edsd9",
                        "edsd0",
                        "edsd7",
                        "edsd1",
                        "edsd2",
                        "desd-synthdata7",
                        "edsd4",
                        "ppmi3",
                        "ppmi7",
                        "ppmi9",
                        "edsd3"
                    ],
                    "filters": null
                },
                "parameters": {
                    "alt_hypothesis": "two-sided",
                    "alpha": 0.8630363877213194,
                    "mu": -2.720056713197698
                },
                "test_case_num": 2
            },
            "output": {
                "n_obs": 1556,
                "t_value": 715.9760232585221,
                "p_value": 0.0,
                "df": 1555.0,
                "mean_diff": 2.4498791131105397,
                "se_diff": [
                    0.007220822567184621
                ],
                "ci_upper": 2.4640426896307313,
                "ci_lower": 2.435715536590349,
                "cohens_d": 18.150712696444565
            }
        },
        {
            "input": {
                "inputdata": {
                    "y": [
                        "rightpallidum"
                    ],
                    "data_model": "dementia:0.1",
                    "datasets": [
                        "desd-synthdata4",
                        "ppmi5",
                        "desd-synthdata9",
                        "ppmi1",
                        "ppmi2",
                        "ppmi0",
                        "edsd3",
                        "desd-synthdata8",
                        "ppmi8",
                        "edsd4",
                        "edsd0",
                        "edsd8",
                        "desd-synthdata6",
                        "desd-synthdata0",
                        "ppmi9",
                        "ppmi7",
                        "ppmi6"
                    ],
                    "filters": null
                },
                "parameters": {
                    "alt_hypothesis": "two-sided",
                    "alpha": 0.1645328503458705,
                    "mu": -8.526030641040245
                },
                "test_case_num": 3
            },
            "output": {
                "n_obs": 1124,
                "t_value": 1767.7008233845977,
                "p_value": 0.0,
                "df": 1123.0,
                "mean_diff": 1.4887872241992883,
                "se_diff": [
                    0.00566544843604489
                ],
                "ci_upper": 1.4999032797056167,
                "ci_lower": 1.4776711686929591,
                "cohens_d": 52.72609509614484
            }
        },
        {
            "input": {
                "inputdata": {
                    "y": [
                        "leftsmgsupramarginalgyrus"
                    ],
                    "data_model": "dementia:0.1",
                    "datasets": [
                        "ppmi1",
                        "desd-synthdata3",
                        "edsd4"
                    ],
                    "filters": null
                },
                "parameters": {
                    "alt_hypothesis": "greater",
                    "alpha": 0.23527443069243303,
                    "mu": 0.8479360031195817
                },
                "test_case_num": 4
            },
            "output": {
                "n_obs": 183,
                "t_value": 84.78190963039845,
                "p_value": 1.5949673138879048e-148,
                "df": 182.0,
                "mean_diff": 8.570682513661202,
                "se_diff": [
                    0.09108955606459518
                ],
                "ci_upper": "Infinity",
                "ci_lower": 8.420086972236525,
                "cohens_d": 6.267259099093887
            }
        }
    ]
}
