{
    "test_cases": [
        {
            "input": {
                "inputdata": {
                    "y": [
                        "rightppplanumpolare"
                    ],
                    "x": [
                        "rightorifgorbitalpartoftheinferiorfrontalgyrus"
                    ],
                    "data_model": "dementia:0.1",
                    "datasets": [
                        "ppmi0",
                        "desd-synthdata0",
                        "desd-synthdata6",
                        "edsd5",
                        "ppmi1",
                        "ppmi5",
                        "desd-synthdata7",
                        "edsd2",
                        "ppmi9",
                        "edsd7",
                        "desd-synthdata5",
                        "edsd9"
                    ],
                    "filters": null
                },
                "parameters": {
                    "alt_hypothesis": "less",
                    "alpha": 0.06109997172168302
                },
                "test_case_num": 0
            },
            "output": {
                "n_obs": 712,
                "statistic": [
                    -66.57208151704457
                ],
                "p_value": [
                    5.175413874442942e-308
                ],
                "df": [
                    711.0
                ],
                "mean_diff": [
                    -0.5456903230337079
                ],
                "se_difference": [
                    0.008196984540644022
                ],
                "ci_upper": -0.5321898929847113,
                "ci_lower": "-Infinity",
                "cohens_d": [
                    -2.2736343143101996
                ]
            }
        },
        {
            "input": {
                "inputdata": {
                    "y": [
                        "rightopifgopercularpartoftheinferiorfrontalgyrus"
                    ],
                    "x": [
                        "cerebellarvermallobulesvivii"
                    ],
                    "data_model": "dementia:0.1",
                    "datasets": [
                        "edsd4",
                        "edsd9",
                        "ppmi4",
                        "edsd8",
                        "desd-synthdata9",
                        "edsd5",
                        "edsd3",
                        "ppmi5",
                        "edsd7",
                        "ppmi7",
                        "edsd1",
                        "ppmi0",
                        "desd-synthdata8",
                        "desd-synthdata6",
                        "ppmi1",
                        "desd-synthdata3",
                        "desd-synthdata7",
                        "ppmi9",
                        "desd-synthdata4",
                        "desd-synthdata5"
                    ],
                    "filters": null
                },
                "parameters": {
                    "alt_hypothesis": "two-sided",
                    "alpha": 0.3249261457856526
                },
                "test_case_num": 1
            },
            "output": {
                "n_obs": 1354,
                "statistic": [
                    -89.59703037036067
                ],
                "p_value": [
                    0.0
                ],
                "df": [
                    1353.0
                ],
                "mean_diff": [
                    -1.1610575627769573
                ],
                "se_difference": [
                    0.01295866121876561
                ],
                "ci_upper": -1.135636312546583,
                "ci_lower": -1.1864788130073318,
                "cohens_d": [
                    -2.7953373731805837
                ]
            }
        },
        {
            "input": {
                "inputdata": {
                    "y": [
                        "leftmcggmiddlecingulategyrus"
                    ],
                    "x": [
                        "opticchiasm"
                    ],
                    "data_model": "dementia:0.1",
                    "datasets": [
                        "edsd4"
                    ],
                    "filters": null
                },
                "parameters": {
                    "alt_hypothesis": "less",
                    "alpha": 0.14757988322101523
                },
                "test_case_num": 2
            },
            "output": {
                "n_obs": 53,
                "statistic": [
                    -75.76502693328536
                ],
                "p_value": [
                    3.346486234295993e-55
                ],
                "df": [
                    52.0
                ],
                "mean_diff": [
                    -4.606825471698113
                ],
                "se_difference": [
                    0.060804115806025356
                ],
                "ci_upper": -4.504997478455861,
                "ci_lower": "-Infinity",
                "cohens_d": [
                    -14.604100591542439
                ]
            }
        },
        {
            "input": {
                "inputdata": {
                    "y": [
                        "rightsplsuperiorparietallobule"
                    ],
                    "x": [
                        "rightmfgmiddlefrontalgyrus"
                    ],
                    "data_model": "dementia:0.1",
                    "datasets": [
                        "edsd0",
                        "edsd4"
                    ],
                    "filters": null
                },
                "parameters": {
                    "alt_hypothesis": "greater",
                    "alpha": 0.1399004584997704
                },
                "test_case_num": 3
            },
            "output": {
                "n_obs": 68,
                "statistic": [
                    55.1580132488613
                ],
                "p_value": [
                    7.238586522403322e-58
                ],
                "df": [
                    67.0
                ],
                "mean_diff": [
                    8.565317647058823
                ],
                "se_difference": [
                    0.15528691376924544
                ],
                "ci_upper": "Infinity",
                "ci_lower": 8.306312101273088,
                "cohens_d": [
                    6.415151784080005
                ]
            }
        },
        {
            "input": {
                "inputdata": {
                    "y": [
                        "leftopifgopercularpartoftheinferiorfrontalgyrus"
                    ],
                    "x": [
                        "rightphgparahippocampalgyrus"
                    ],
                    "data_model": "dementia:0.1",
                    "datasets": [
                        "edsd5"
                    ],
                    "filters": null
                },
                "parameters": {
                    "alt_hypothesis": "two-sided",
                    "alpha": 0.23247473946718067
                },
                "test_case_num": 4
            },
            "output": {
                "n_obs": 52,
                "statistic": [
                    -0.9085843965722781
                ],
                "p_value": [
                    0.36784324272462976
                ],
                "df": [
                    51.0
                ],
                "mean_diff": [
                    -0.11506692307692312
                ],
                "se_difference": [
                    0.12664417693174584
                ],
                "ci_upper": 0.13918187113625702,
                "ci_lower": -0.36931571729010326,
                "cohens_d": [
                    -0.16369129677665673
                ]
            }
        }
    ]
}
