{
    "test_cases": [
        {
            "input": {
                "inputdata": {
                    "y": [
                        "subjectageyears",
                        "rightptplanumtemporale"
                    ],
                    "data_model": "dementia:0.1",
                    "datasets": [
                        "desd-synthdata7",
                        "desd-synthdata1",
                        "desd-synthdata0"
                    ],
                    "filters": null
                },
                "parameters": {
                    "k": 85,
                    "tol": 0.6672591364144405,
                    "maxiter": 1
                },
                "test_case_num": 0
            },
            "output": {
                "init_centers": [
                    [
                        72.12699009429522,
                        0.6905936549822645
                    ],
                    [
                        49.11572122464595,
                        1.3283299670535902
                    ],
                    [
                        73.25397951949259,
                        1.0199941123409235
                    ],
                    [
                        86.05744572084616,
                        1.6494281281070529
                    ],
                    [
                        61.565663172733686,
                        0.9454669465562042
                    ],
                    [
                        54.8157227913926,
                        1.7557753842703248
                    ],
                    [
                        59.49003998930159,
                        0.1459629542301475
                    ],
                    [
                        57.50416851119114,
                        1.7772894309693166
                    ],
                    [
                        46.942094792221496,
                        0.42439445546447363
                    ],
                    [
                        64.04601731825008,
                        1.281464073864479
                    ],
                    [
                        69.08564696901473,
                        2.045289487485321
                    ],
                    [
                        73.49831091817113,
                        1.4719271022391598
                    ],
                    [
                        73.39972574594086,
                        0.7791432694603394
                    ],
                    [
                        55.72764412549339,
                        0.5514039397346531
                    ],
                    [
                        52.39198827305264,
                        1.5199123388250888
                    ],
                    [
                        42.513142057308684,
                        1.0454739722473583
                    ],
                    [
                        59.112275403152545,
                        1.1897329124450804
                    ],
                    [
                        58.86568422449557,
                        0.7534157507998601
                    ],
                    [
                        58.891214041177605,
                        2.1510052017301846
                    ],
                    [
                        84.2638408919901,
                        1.209337132034794
                    ],
                    [
                        68.57369463781345,
                        0.28049761542990304
                    ],
                    [
                        53.54698860919572,
                        1.0000804467000064
                    ],
                    [
                        80.44914873628494,
                        0.6047751355639828
                    ],
                    [
                        61.66867894887251,
                        2.372671862002321
                    ],
                    [
                        63.45477084373066,
                        1.4764268186789067
                    ],
                    [
                        43.91080463352586,
                        1.9897565715869137
                    ],
                    [
                        67.54994629213544,
                        1.3133067528315894
                    ],
                    [
                        54.79542785494111,
                        0.7338383327788166
                    ],
                    [
                        58.43408834021038,
                        1.6409410897010441
                    ],
                    [
                        80.89738524796357,
                        1.2299853047411176
                    ],
                    [
                        70.79637536515133,
                        1.4115939714500194
                    ],
                    [
                        68.6202716026844,
                        1.6250401800636791
                    ],
                    [
                        79.27477944339262,
                        0.20252061913998193
                    ],
                    [
                        75.42045923072357,
                        0.5884478841062005
                    ],
                    [
                        47.51692506835977,
                        1.379176084488693
                    ],
                    [
                        42.68991331400697,
                        2.1316156041186596
                    ],
                    [
                        68.73519963051217,
                        1.7422274047925135
                    ],
                    [
                        38.790331128055826,
                        1.4320248927901493
                    ],
                    [
                        65.28247442732015,
                        0.3847315857822924
                    ],
                    [
                        45.50045524111388,
                        1.67516069551289
                    ],
                    [
                        53.61955489271194,
                        1.666600881942205
                    ],
                    [
                        65.16477923617083,
                        0.9378505727431978
                    ],
                    [
                        83.33149199108531,
                        2.026622675775206
                    ],
                    [
                        55.51248076747564,
                        0.10727572677814057
                    ],
                    [
                        52.93363559714378,
                        0.9600606375854676
                    ],
                    [
                        72.54298269211674,
                        2.3962373349525308
                    ],
                    [
                        55.43982842015552,
                        1.8363369902414168
                    ],
                    [
                        67.06566891154884,
                        1.665955157801978
                    ],
                    [
                        45.40524516505593,
                        0.9617215289546974
                    ],
                    [
                        49.8019389884576,
                        0.8284379755456596
                    ],
                    [
                        63.14327955575111,
                        1.6056453781625857
                    ],
                    [
                        43.189515767783874,
                        0.31723712054908765
                    ],
                    [
                        53.7770497169471,
                        1.5934757671088495
                    ],
                    [
                        79.47880503826538,
                        1.3330017839423038
                    ],
                    [
                        79.86817188870074,
                        0.9279595426057544
                    ],
                    [
                        53.52260695880061,
                        0.8544323742109632
                    ],
                    [
                        46.38300963104985,
                        1.9964227214716663
                    ],
                    [
                        54.594871449802,
                        1.3308679362792342
                    ],
                    [
                        66.34902193733282,
                        1.2567061465282083
                    ],
                    [
                        38.13171516414172,
                        2.379371199558411
                    ],
                    [
                        82.36173720741888,
                        0.5017959407427126
                    ],
                    [
                        52.331981226828816,
                        1.2530436177331998
                    ],
                    [
                        82.19365726037286,
                        2.368032932977298
                    ],
                    [
                        50.61956114355007,
                        1.359700923872383
                    ],
                    [
                        77.54146552272178,
                        0.9508842049542653
                    ],
                    [
                        73.8225787563833,
                        0.38980453694168454
                    ],
                    [
                        67.4342298238459,
                        2.084809387641019
                    ],
                    [
                        86.19255885097422,
                        0.19331155122751267
                    ],
                    [
                        58.98901646034651,
                        0.49435739549477675
                    ],
                    [
                        60.08118803541801,
                        1.3197894816294886
                    ],
                    [
                        42.573008808121216,
                        0.7163782906000149
                    ],
                    [
                        83.45162776745522,
                        1.3708712139403625
                    ],
                    [
                        60.413187878656984,
                        1.8146398668298336
                    ],
                    [
                        74.35124544025983,
                        0.11927063082915267
                    ],
                    [
                        72.72617237669456,
                        2.020786681737314
                    ],
                    [
                        46.13095632614074,
                        1.8807088009723774
                    ],
                    [
                        52.04029421972599,
                        0.7394874979674521
                    ],
                    [
                        70.59781180213446,
                        0.27033371702969206
                    ],
                    [
                        70.57874999136142,
                        2.137700072114608
                    ],
                    [
                        72.11925214353491,
                        1.0614109302652421
                    ],
                    [
                        59.47250483448401,
                        1.8424655052067227
                    ],
                    [
                        65.71645806006826,
                        0.20663111630979364
                    ],
                    [
                        66.55088330520883,
                        1.9621065117105345
                    ],
                    [
                        54.51625278893289,
                        2.233224570815629
                    ],
                    [
                        74.78513301681522,
                        1.3830405369326586
                    ]
                ],
                "centers": [
                    [
                        72.0,
                        0.0024399999999999977
                    ],
                    [
                        78.0,
                        1.9026
                    ],
                    [
                        73.0,
                        1.3702
                    ],
                    [
                        70.6923076923077,
                        1.7843594230769224
                    ],
                    [
                        78.0,
                        1.7489
                    ],
                    [
                        87.0,
                        1.4979
                    ],
                    [
                        81.0,
                        2.1391
                    ],
                    [
                        57.0,
                        1.8455
                    ],
                    [
                        85.0,
                        1.6802
                    ],
                    [
                        64.0,
                        1.7102499999999998
                    ],
                    [
                        69.0,
                        2.0809285714285712
                    ],
                    [
                        73.57142857142857,
                        1.6444285714285714
                    ],
                    [
                        65.0,
                        1.9052
                    ],
                    [
                        77.0,
                        2.0364
                    ],
                    [
                        65.0,
                        1.9137
                    ],
                    [
                        77.0,
                        1.8695
                    ],
                    [
                        78.0,
                        1.8222
                    ],
                    [
                        77.0,
                        1.6802
                    ],
                    [
                        76.0,
                        2.0045
                    ],
                    [
                        84.0,
                        1.69605
                    ],
                    [
                        74.0,
                        2.2913
                    ],
                    [
                        74.0,
                        2.3121
                    ],
                    [
                        76.0,
                        1.6088
                    ],
                    [
                        61.5,
                        2.11555
                    ],
                    [
                        85.0,
                        1.7802
                    ],
                    [
                        77.0,
                        2.0045
                    ],
                    [
                        68.0,
                        1.661425
                    ],
                    [
                        65.0,
                        1.823
                    ],
                    [
                        58.0,
                        1.69275
                    ],
                    [
                        81.0,
                        1.69382
                    ],
                    [
                        71.0,
                        1.601625
                    ],
                    [
                        77.0,
                        1.6811
                    ],
                    [
                        76.0,
                        1.8131
                    ],
                    [
                        70.6923076923077,
                        1.7843594230769224
                    ],
                    [
                        78.0,
                        1.7788
                    ],
                    [
                        42.0,
                        1.7731
                    ],
                    [
                        69.0,
                        1.7638
                    ],
                    [
                        78.0,
                        1.9636
                    ],
                    [
                        76.0,
                        1.8008
                    ],
                    [
                        76.0,
                        1.7643
                    ],
                    [
                        65.0,
                        1.9249
                    ],
                    [
                        65.0,
                        1.4817
                    ],
                    [
                        83.5,
                        1.9229
                    ],
                    [
                        87.0,
                        1.8786
                    ],
                    [
                        77.0,
                        1.6954
                    ],
                    [
                        72.0,
                        2.0618
                    ],
                    [
                        56.0,
                        1.67138
                    ],
                    [
                        67.0,
                        1.7652700000000001
                    ],
                    [
                        77.0,
                        2.0535
                    ],
                    [
                        65.0,
                        2.0604
                    ],
                    [
                        63.0,
                        1.83462
                    ],
                    [
                        77.0,
                        0.0024399999999999977
                    ],
                    [
                        78.0,
                        1.8569
                    ],
                    [
                        79.77777777777777,
                        1.712122222222222
                    ],
                    [
                        76.0,
                        1.9286
                    ],
                    [
                        76.0,
                        2.1924
                    ],
                    [
                        65.0,
                        1.9978
                    ],
                    [
                        77.0,
                        1.8825
                    ],
                    [
                        66.0,
                        1.6234833333333334
                    ],
                    [
                        38.0,
                        1.8322500000000002
                    ],
                    [
                        82.0,
                        1.5209
                    ],
                    [
                        80.0,
                        2.0007
                    ],
                    [
                        82.0,
                        1.9452666666666667
                    ],
                    [
                        78.0,
                        1.662
                    ],
                    [
                        77.0,
                        1.3853500000000003
                    ],
                    [
                        78.0,
                        1.687
                    ],
                    [
                        68.0,
                        2.0327545454545453
                    ],
                    [
                        85.0,
                        1.6696
                    ],
                    [
                        77.0,
                        1.5796
                    ],
                    [
                        60.0,
                        1.596025
                    ],
                    [
                        75.0,
                        2.172
                    ],
                    [
                        83.0,
                        1.5276999999999998
                    ],
                    [
                        60.6,
                        1.95686
                    ],
                    [
                        78.0,
                        1.6213
                    ],
                    [
                        72.83333333333333,
                        1.8372
                    ],
                    [
                        70.0,
                        1.5729
                    ],
                    [
                        70.0,
                        1.5651
                    ],
                    [
                        70.0,
                        0.0024399999999999977
                    ],
                    [
                        70.47619047619048,
                        2.0077714285714285
                    ],
                    [
                        72.0,
                        1.6433
                    ],
                    [
                        62.0,
                        1.6503
                    ],
                    [
                        66.0,
                        0.0024399999999999977
                    ],
                    [
                        66.0,
                        2.112
                    ],
                    [
                        82.0,
                        1.6089
                    ],
                    [
                        75.0,
                        1.78
                    ]
                ],
                "n_iter": 1
            }
        }
    ]
}
