[
    {
        "inputdata": {
            "x": [
                "righthippocampus",
                "rightsogsuperioroccipitalgyrus",
                "leftppplanumpolare",
                "leftsmgsupramarginalgyrus",
                "leftgregyrusrectus",
                "rightitginferiortemporalgyrus",
                "leftcalccalcarinecortex"
            ],
            "y": [
                "leftocpoccipitalpole"
            ],
            "data_model": "dementia:0.1",
            "datasets": [
                "ppmi3",
                "desd-synthdata8",
                "edsd8",
                "ppmi6",
                "edsd5",
                "desd-synthdata9",
                "desd-synthdata5",
                "edsd7"
            ],
            "filters": null
        },
        "parameters": {
            "n_splits": 4
        },
        "test_case_num": 0
    },
    {
        "inputdata": {
            "x": [
                "opticchiasm",
                "leftsfgsuperiorfrontalgyrus",
                "leftppplanumpolare",
                "leftainsanteriorinsula",
                "leftamygdala",
                "leftorifgorbitalpartoftheinferiorfrontalgyrus",
                "leftcuncuneus",
                "neurodegenerativescategories",
                "rightfofrontaloperculum",
                "rightpcggposteriorcingulategyrus",
                "lefthippocampus"
            ],
            "y": [
                "rightsmgsupramarginalgyrus"
            ],
            "data_model": "dementia:0.1",
            "datasets": [
                "ppmi6",
                "edsd5",
                "ppmi4",
                "edsd7",
                "desd-synthdata3",
                "ppmi0",
                "edsd1",
                "desd-synthdata1",
                "ppmi1",
                "ppmi7",
                "desd-synthdata4",
                "desd-synthdata5",
                "desd-synthdata8",
                "ppmi9",
                "edsd9",
                "edsd3",
                "desd-synthdata2",
                "edsd0",
                "ppmi3",
                "edsd4",
                "edsd2",
                "ppmi5",
                "desd-synthdata7",
                "edsd8",
                "desd-synthdata0",
                "desd-synthdata9",
                "ppmi2",
                "ppmi8",
                "desd-synthdata6"
            ],
            "filters": null
        },
        "parameters": {
            "n_splits": 6
        },
        "test_case_num": 1
    },
    {
        "inputdata": {
            "x": [
                "rightprgprecentralgyrus",
                "subjectageyears",
                "rightofugoccipitalfusiformgyrus",
                "leftcerebellumwhitematter"
            ],
            "y": [
                "rightocpoccipitalpole"
            ],
            "data_model": "dementia:0.1",
            "datasets": [
                "ppmi2",
                "desd-synthdata0",
                "desd-synthdata1",
                "edsd4",
                "edsd7",
                "edsd3",
                "edsd1",
                "desd-synthdata9",
                "ppmi5",
                "ppmi3",
                "ppmi4"
            ],
            "filters": null
        },
        "parameters": {
            "n_splits": 4
        },
        "test_case_num": 2
    },
    {
        "inputdata": {
            "x": [
                "rightmogmiddleoccipitalgyrus",
                "leftsfgsuperiorfrontalgyrus",
                "leftttgtransversetemporalgyrus",
                "rightmcggmiddlecingulategyrus",
                "rightofugoccipitalfusiformgyrus",
                "rightttgtransversetemporalgyrus",
                "leftfugfusiformgyrus",
                "rightitginferiortemporalgyrus",
                "rightioginferioroccipitalgyrus"
            ],
            "y": [
                "leftputamen"
            ],
            "data_model": "dementia:0.1",
            "datasets": [
                "ppmi8",
                "ppmi5",
                "ppmi1",
                "edsd0",
                "desd-synthdata6",
                "ppmi3",
                "edsd4",
                "ppmi4",
                "ppmi9",
                "desd-synthdata3",
                "edsd2",
                "desd-synthdata5",
                "desd-synthdata1",
                "edsd3",
                "ppmi6",
                "ppmi0",
                "edsd7",
                "desd-synthdata0",
                "edsd9",
                "edsd8",
                "desd-synthdata8",
                "edsd6",
                "edsd1"
            ],
            "filters": null
        },
        "parameters": {
            "n_splits": 8
        },
        "test_case_num": 3
    },
    {
        "inputdata": {
            "x": [
                "rightcaudate",
                "neurodegenerativescategories",
                "leftsmgsupramarginalgyrus",
                "parkinsonbroadcategory",
                "leftfugfusiformgyrus"
            ],
            "y": [
                "leftsogsuperioroccipitalgyrus"
            ],
            "data_model": "dementia:0.1",
            "datasets": [
                "edsd9",
                "desd-synthdata6",
                "ppmi9",
                "edsd0",
                "ppmi3",
                "ppmi0",
                "edsd3",
                "desd-synthdata9",
                "ppmi5",
                "edsd5",
                "desd-synthdata4",
                "edsd1",
                "ppmi1",
                "desd-synthdata2",
                "desd-synthdata8",
                "desd-synthdata5",
                "desd-synthdata3",
                "ppmi4"
            ],
            "filters": null
        },
        "parameters": {
            "n_splits": 10
        },
        "test_case_num": 4
    },
    {
        "inputdata": {
            "x": [
                "agegroup",
                "leftbasalforebrain",
                "rightsogsuperioroccipitalgyrus",
                "rightsfgsuperiorfrontalgyrus",
                "leftmcggmiddlecingulategyrus"
            ],
            "y": [
                "rightpcggposteriorcingulategyrus"
            ],
            "data_model": "dementia:0.1",
            "datasets": [
                "edsd3",
                "ppmi4",
                "ppmi2",
                "desd-synthdata2",
                "ppmi8",
                "ppmi6",
                "desd-synthdata8",
                "edsd6",
                "ppmi9",
                "desd-synthdata9",
                "ppmi7",
                "edsd9",
                "desd-synthdata7",
                "desd-synthdata1",
                "desd-synthdata0",
                "desd-synthdata5",
                "edsd2",
                "edsd7",
                "desd-synthdata3",
                "edsd0",
                "ppmi5",
                "edsd8",
                "edsd5",
                "desd-synthdata4",
                "ppmi3",
                "edsd4",
                "edsd1",
                "ppmi0",
                "ppmi1",
                "desd-synthdata6"
            ],
            "filters": null
        },
        "parameters": {
            "n_splits": 3
        },
        "test_case_num": 5
    },
    {
        "inputdata": {
            "x": [
                "leftlateralventricle",
                "leftpoparietaloperculum",
                "leftcerebellumwhitematter",
                "rightfofrontaloperculum",
                "leftamygdala"
            ],
            "y": [
                "leftptplanumtemporale"
            ],
            "data_model": "dementia:0.1",
            "datasets": [
                "desd-synthdata6",
                "ppmi9",
                "ppmi2",
                "edsd4",
                "desd-synthdata5",
                "edsd8",
                "desd-synthdata7",
                "edsd7",
                "edsd2",
                "desd-synthdata3",
                "ppmi4",
                "edsd1",
                "edsd9",
                "ppmi1",
                "ppmi8",
                "desd-synthdata0",
                "ppmi5",
                "ppmi7",
                "desd-synthdata9"
            ],
            "filters": null
        },
        "parameters": {
            "n_splits": 8
        },
        "test_case_num": 6
    },
    {
        "inputdata": {
            "x": [
                "rightmogmiddleoccipitalgyrus",
                "rightppplanumpolare",
                "rightfofrontaloperculum",
                "rightententorhinalarea",
                "leftmtgmiddletemporalgyrus",
                "rightventraldc",
                "lefttrifgtriangularpartoftheinferiorfrontalgyrus",
                "leftfofrontaloperculum",
                "rightioginferioroccipitalgyrus"
            ],
            "y": [
                "leftcerebellumexterior"
            ],
            "data_model": "dementia:0.1",
            "datasets": [
                "desd-synthdata0",
                "ppmi7",
                "desd-synthdata2",
                "desd-synthdata1",
                "edsd8",
                "ppmi2",
                "desd-synthdata9",
                "edsd1",
                "edsd5",
                "ppmi3",
                "ppmi1",
                "desd-synthdata7",
                "ppmi8",
                "desd-synthdata3",
                "desd-synthdata8",
                "edsd0",
                "desd-synthdata6",
                "ppmi5",
                "ppmi6",
                "desd-synthdata5",
                "edsd3",
                "desd-synthdata4"
            ],
            "filters": null
        },
        "parameters": {
            "n_splits": 4
        },
        "test_case_num": 7
    },
    {
        "inputdata": {
            "x": [
                "rightstgsuperiortemporalgyrus",
                "rightmcggmiddlecingulategyrus",
                "rightthalamusproper",
                "subjectage",
                "rightententorhinalarea",
                "cerebellarvermallobulesvivii",
                "lefthippocampus"
            ],
            "y": [
                "_4thventricle"
            ],
            "data_model": "dementia:0.1",
            "datasets": [
                "ppmi7",
                "edsd4",
                "edsd5",
                "desd-synthdata4",
                "edsd9",
                "edsd7",
                "desd-synthdata2",
                "ppmi1",
                "desd-synthdata6",
                "edsd2",
                "desd-synthdata5",
                "ppmi6",
                "ppmi3",
                "edsd8",
                "edsd6",
                "desd-synthdata0",
                "ppmi4",
                "edsd0",
                "ppmi2",
                "ppmi9",
                "desd-synthdata7",
                "ppmi8",
                "desd-synthdata3"
            ],
            "filters": null
        },
        "parameters": {
            "n_splits": 10
        },
        "test_case_num": 8
    },
    {
        "inputdata": {
            "x": [
                "leftangangulargyrus",
                "rightporgposteriororbitalgyrus",
                "rightprgprecentralgyrus",
                "leftfofrontaloperculum",
                "rightpallidum"
            ],
            "y": [
                "leftptplanumtemporale"
            ],
            "data_model": "dementia:0.1",
            "datasets": [
                "desd-synthdata0",
                "desd-synthdata6",
                "ppmi0",
                "desd-synthdata5",
                "edsd6",
                "ppmi5",
                "edsd9",
                "edsd4",
                "ppmi6",
                "edsd8",
                "edsd3",
                "ppmi9",
                "edsd1",
                "edsd0",
                "ppmi1",
                "desd-synthdata8",
                "desd-synthdata7",
                "ppmi3",
                "edsd7",
                "desd-synthdata4",
                "desd-synthdata3",
                "edsd2",
                "edsd5",
                "ppmi8",
                "desd-synthdata1",
                "desd-synthdata9"
            ],
            "filters": null
        },
        "parameters": {
            "n_splits": 3
        },
        "test_case_num": 9
    }
]
