{
    "test_cases": [
        {
            "input": {
                "inputdata": {
                    "y": [
                        "rightgregyrusrectus"
                    ],
                    "x": [
                        "dataset"
                    ],
                    "data_model": "dementia:0.1",
                    "datasets": [
                        "ppmi2",
                        "desd-synthdata6",
                        "ppmi6",
                        "desd-synthdata0",
                        "ppmi8",
                        "ppmi9",
                        "ppmi4",
                        "desd-synthdata4",
                        "edsd6",
                        "edsd2",
                        "edsd8",
                        "desd-synthdata5",
                        "desd-synthdata3",
                        "desd-synthdata2",
                        "edsd1",
                        "ppmi0",
                        "edsd5",
                        "ppmi5",
                        "ppmi1"
                    ],
                    "filters": null
                },
                "parameters": {
                    "alt_hypothesis": "less",
                    "alpha": 0.5727207100545569,
                    "groupA": "edsd1",
                    "groupB": "ppmi2"
                },
                "test_case_num": 0
            },
            "output": {
                "statistic": -0.25392488369586536,
                "p_value": 0.4000754772047969,
                "df": 116,
                "mean_diff": -0.009767302631578989,
                "se_difference": 0.038465322852240136,
                "ci_upper": 0.054181444261788884,
                "ci_lower": "-Infinity",
                "cohens_d": -0.04664086604975884}
        },
        {
            "input": {
                "inputdata": {
                    "y": [
                        "lefttmptemporalpole"
                    ],
                    "x": [
                        "gender"
                    ],
                    "data_model": "dementia:0.1",
                    "datasets": [
                        "ppmi3",
                        "ppmi2",
                        "desd-synthdata9",
                        "ppmi8",
                        "desd-synthdata5",
                        "desd-synthdata3",
                        "edsd1",
                        "ppmi1",
                        "desd-synthdata2",
                        "desd-synthdata4",
                        "edsd3",
                        "desd-synthdata1",
                        "edsd8",
                        "edsd9",
                        "desd-synthdata7",
                        "ppmi6",
                        "edsd7"
                    ],
                    "filters": null
                },
                "parameters": {
                    "alt_hypothesis": "two-sided",
                    "alpha": 0.6289411870096006,
                    "groupA": "M",
                    "groupB": "F"
                },
                "test_case_num": 1
            },
            "output": {
                "statistic": 13.710126458021053,
                "p_value": 5.785550457345252e-40,
                "df": 1269,
                "mean_diff": 0.6513480104016383,
                "se_difference": 0.0475085341040432,
                "ci_upper": 0.7445530573321267,
                "ci_lower": 0.5581429634711497,
                "cohens_d": 0.7707497151683773}
        },
        {
            "input": {
                "inputdata": {
                    "y": [
                        "rightcocentraloperculum"
                    ],
                    "x": [
                        "alzheimerbroadcategory"
                    ],
                    "data_model": "dementia:0.1",
                    "datasets": [
                        "desd-synthdata1",
                        "desd-synthdata5",
                        "edsd3",
                        "ppmi9",
                        "edsd9",
                        "edsd0",
                        "edsd5",
                        "edsd6",
                        "desd-synthdata0",
                        "edsd7",
                        "ppmi1"
                    ],
                    "filters": null
                },
                "parameters": {
                    "alt_hypothesis": "greater",
                    "alpha": 0.6313593659938367,
                    "groupA": "AD",
                    "groupB": "CN"
                },
                "test_case_num": 2
            },
            "output": {
                "statistic": -1.8822987515789422,
                "p_value": 0.9695963884905578,
                "df": 321,
                "mean_diff": -0.11629443370907122,
                "se_difference": 0.06178319653642607,
                "ci_upper": "Infinity",
                "ci_lower": -0.21824789336690598,
                "cohens_d": -0.20924107180724236
            }
        },
        {
            "input": {
                "inputdata": {
                    "y": [
                        "leftsmgsupramarginalgyrus"
                    ],
                    "x": [
                        "agegroup"
                    ],
                    "data_model": "dementia:0.1",
                    "datasets": [
                        "ppmi3",
                        "ppmi9",
                        "ppmi0",
                        "edsd4",
                        "edsd0",
                        "desd-synthdata0",
                        "edsd1",
                        "edsd9",
                        "desd-synthdata3",
                        "ppmi7",
                        "edsd8",
                        "desd-synthdata9"
                    ],
                    "filters": null
                },
                "parameters": {
                    "alt_hypothesis": "two-sided",
                    "alpha": 0.500807798669256,
                    "groupA": "-50y",
                    "groupB": "70-79y"
                },
                "test_case_num": 3
            },
            "output":  {
                "statistic": -0.4586796035180297,
                "p_value": 0.6473868738605983,
                "df": 315,
                "mean_diff": -0.08597897768552087,
                "se_difference": 0.1874488794052976,
                "ci_upper": 0.2855812865942234,
                "ci_lower": -0.4575392419652652,
                "cohens_d": -0.07063783439542239
            }
        },
        {
            "input": {
                "inputdata": {
                    "y": [
                        "leftmorgmedialorbitalgyrus"
                    ],
                    "x": [
                        "parkinsonbroadcategory"
                    ],
                    "data_model": "dementia:0.1",
                    "datasets": [
                        "edsd9",
                        "desd-synthdata2",
                        "ppmi4",
                        "ppmi6",
                        "ppmi1",
                        "desd-synthdata6",
                        "ppmi3",
                        "edsd5",
                        "desd-synthdata7",
                        "ppmi2",
                        "edsd0",
                        "ppmi0",
                        "edsd2"
                    ],
                    "filters": null
                },
                "parameters": {
                    "alt_hypothesis": "less",
                    "alpha": 0.3320808160368658,
                    "groupA": "PD",
                    "groupB": "Other"
                },
                "test_case_num": 4
            },
            "output": {
                "statistic": -0.8792690918183549,
                "p_value": 0.2004729740440892,
                "df": 268,
                "mean_diff": -0.14706538461538443,
                "se_difference": 0.16725867653467585,
                "ci_upper": 0.15770696505457915,
                "ci_lower": "-Infinity",
                "cohens_d": -0.3311746344089679}
        }
    ]
}
